Release 14.7 - xst P.20131013 (lin64)
Copyright (c) 1995-2013 Xilinx, Inc.  All rights reserved.
--> 
Parameter TMPDIR set to xst/projnav.tmp


Total REAL time to Xst completion: 0.00 secs
Total CPU time to Xst completion: 0.02 secs
 
--> 
Parameter xsthdpdir set to xst


Total REAL time to Xst completion: 0.00 secs
Total CPU time to Xst completion: 0.02 secs
 
--> 
Reading design: glue_logic.prj

TABLE OF CONTENTS
  1) Synthesis Options Summary
  2) HDL Compilation
  3) Design Hierarchy Analysis
  4) HDL Analysis
  5) HDL Synthesis
     5.1) HDL Synthesis Report
  6) Advanced HDL Synthesis
     6.1) Advanced HDL Synthesis Report
  7) Low Level Synthesis
  8) Partition Report
  9) Final Report

=========================================================================
*                      Synthesis Options Summary                        *
=========================================================================
---- Source Parameters
Input File Name                    : "glue_logic.prj"
Input Format                       : mixed
Ignore Synthesis Constraint File   : NO

---- Target Parameters
Output File Name                   : "glue_logic"
Output Format                      : NGC
Target Device                      : XC9500XL CPLDs

---- Source Options
Top Module Name                    : glue_logic
Automatic FSM Extraction           : YES
FSM Encoding Algorithm             : Auto
Safe Implementation                : No
Mux Extraction                     : Yes
Resource Sharing                   : YES

---- Target Options
Add IO Buffers                     : YES
MACRO Preserve                     : YES
XOR Preserve                       : YES
Equivalent register Removal        : YES

---- General Options
Optimization Goal                  : Speed
Optimization Effort                : 1
Keep Hierarchy                     : Yes
Netlist Hierarchy                  : As_Optimized
RTL Output                         : Yes
Hierarchy Separator                : /
Bus Delimiter                      : <>
Case Specifier                     : Maintain
Verilog 2001                       : YES

---- Other Options
Clock Enable                       : YES
wysiwyg                            : NO

=========================================================================


=========================================================================
*                          HDL Compilation                              *
=========================================================================
Compiling verilog file "glue_logic.v" in library work
Module <glue_logic> compiled
No errors in compilation
Analysis of file <"glue_logic.prj"> succeeded.
 

=========================================================================
*                     Design Hierarchy Analysis                         *
=========================================================================
Analyzing hierarchy for module <glue_logic> in library <work> with parameters.
	DPUART_END = "00010001000000001111111"
	DPUART_START = "00010001000000000000000"
	I2C_END = "00010001000000011111111"
	I2C_START = "00010001000000010000000"
	RAM_END = "00010000111111111111111"
	RAM_START = "00000001000000000000000"
	ROM_END = "00000000111111111111111"


=========================================================================
*                            HDL Analysis                               *
=========================================================================
Analyzing top module <glue_logic>.
	DPUART_END = 23'b00010001000000001111111
	DPUART_START = 23'b00010001000000000000000
	I2C_END = 23'b00010001000000011111111
	I2C_START = 23'b00010001000000010000000
	RAM_END = 23'b00010000111111111111111
	RAM_START = 23'b00000001000000000000000
	ROM_END = 23'b00000000111111111111111
Module <glue_logic> is correct for synthesis.
 

=========================================================================
*                           HDL Synthesis                               *
=========================================================================

Performing bidirectional port resolution...

Synthesizing Unit <glue_logic>.
    Related source file is "glue_logic.v".
WARNING:Xst:647 - Input <FC0> is never used. This port will be preserved and left unconnected if it belongs to a top-level block or it belongs to a sub-block and the hierarchy of this sub-block is preserved.
WARNING:Xst:647 - Input <FC1> is never used. This port will be preserved and left unconnected if it belongs to a top-level block or it belongs to a sub-block and the hierarchy of this sub-block is preserved.
WARNING:Xst:647 - Input <FC2> is never used. This port will be preserved and left unconnected if it belongs to a top-level block or it belongs to a sub-block and the hierarchy of this sub-block is preserved.
WARNING:Xst:646 - Signal <addr_reg> is assigned but never used. This unconnected signal will be trimmed during the optimization process.
    Found 1-bit tristate buffer for signal <HALT_n>.
    Found 1-bit register for signal <any_select>.
    Found 1-bit register for signal <dpuart_select>.
    Found 1-bit register for signal <dtack_n_armed>.
    Found 1-bit register for signal <dtack_n_value>.
    Found 1-bit register for signal <i2c_select>.
    Found 23-bit comparator greatequal for signal <old_dpuart_select_4$cmp_ge0000> created at line 94.
    Found 23-bit comparator lessequal for signal <old_dpuart_select_4$cmp_le0000> created at line 94.
    Found 23-bit comparator greatequal for signal <old_i2c_select_5$cmp_ge0000> created at line 95.
    Found 23-bit comparator lessequal for signal <old_i2c_select_5$cmp_le0000> created at line 95.
    Found 23-bit comparator greatequal for signal <old_ram_select_3$cmp_ge0000> created at line 93.
    Found 23-bit comparator lessequal for signal <old_ram_select_3$cmp_le0000> created at line 93.
    Found 1-bit register for signal <ram_select>.
    Found 1-bit register for signal <rom_select>.
    Summary:
	inferred   5 D-type flip-flop(s).
	inferred   7 Comparator(s).
	inferred   1 Tristate(s).
Unit <glue_logic> synthesized.


=========================================================================
HDL Synthesis Report

Macro Statistics
# Registers                                            : 7
 1-bit register                                        : 7
# Comparators                                          : 7
 23-bit comparator greatequal                          : 3
 23-bit comparator lessequal                           : 4
# Tristates                                            : 1
 1-bit tristate buffer                                 : 1

=========================================================================

=========================================================================
*                       Advanced HDL Synthesis                          *
=========================================================================


=========================================================================
Advanced HDL Synthesis Report

Macro Statistics
# Registers                                            : 5
 Flip-Flops                                            : 5

=========================================================================

=========================================================================
*                         Low Level Synthesis                           *
=========================================================================

Optimizing unit <glue_logic> ...

=========================================================================
*                           Partition Report                            *
=========================================================================

Partition Implementation Status
-------------------------------

  No Partitions were found in this design.

-------------------------------

=========================================================================
*                            Final Report                               *
=========================================================================
Final Results
RTL Top Level Output File Name     : glue_logic.ngr
Top Level Output File Name         : glue_logic
Output Format                      : NGC
Optimization Goal                  : Speed
Keep Hierarchy                     : Yes
Target Technology                  : XC9500XL CPLDs
Macro Preserve                     : YES
XOR Preserve                       : YES
Clock Enable                       : YES
wysiwyg                            : NO

Design Statistics
# IOs                              : 52

Cell Usage :
# BELS                             : 125
#      AND2                        : 21
#      AND3                        : 7
#      AND4                        : 2
#      AND5                        : 1
#      AND7                        : 1
#      AND8                        : 3
#      GND                         : 1
#      INV                         : 80
#      OR2                         : 7
#      OR4                         : 1
#      VCC                         : 1
# FlipFlops/Latches                : 7
#      FD                          : 5
#      FDCE                        : 2
# IO Buffers                       : 42
#      IBUF                        : 24
#      OBUF                        : 17
#      OBUFE                       : 1
=========================================================================


Total REAL time to Xst completion: 1.00 secs
Total CPU time to Xst completion: 1.03 secs
 
--> 


Total memory usage is 499592 kilobytes

Number of errors   :    0 (   0 filtered)
Number of warnings :    4 (   0 filtered)
Number of infos    :    0 (   0 filtered)

